// Jest Snapshot v1, https://goo.gl/fbAQLP

exports[`PrimaryNavigation matches the snapshot 1`] = `
<div>
  <a
    aria-disabled="false"
    class="MuiButtonBase-root MuiButton-root makeStyles-button-1 MuiButton-text"
    href="/login"
    role="button"
    tabindex="0"
  >
    <span
      class="MuiButton-label"
    >
      Login
    </span>
    <span
      class="MuiTouchRipple-root"
    />
  </a>
</div>
`;
