// Jest Snapshot v1, https://goo.gl/fbAQLP

exports[`ListItemDetail component matches snapshot with a label prop 1`] = `
<div>
  <li
    class="MuiListItem-root MuiListItem-gutters"
  >
    <div
      class="MuiListItemText-root ListItemDetail-item-2"
      data-testid="label-list-text"
    >
      <span
        class="MuiTypography-root MuiTypography-body1 ListItemDetail-label-1"
      >
        TestLabel
      </span>
    </div>
    <div
      class="MuiListItemText-root"
      data-testid="value-list-text"
    >
      <span
        class="MuiTypography-root MuiTypography-body1 MuiListItemText-primary"
      >
        TestValue
      </span>
    </div>
  </li>
</div>
`;
